[21:58:43] [main/INFO] (FabricLoader/GameProvider) Loading Minecraft 1.20.1 with Fabric Loader 0.16.14
[21:58:43] [main/INFO] (FabricLoader) Loading 64 mods:
	- architectury 9.2.14
	- bookshelf 20.0.1
	- botanypots 13.0.39
	- botanypotsfix 1.0.0
	- fabric-api 0.92.6+1.20.1
	- fabric-api-base 0.4.32+1802ada577
	- fabric-api-lookup-api-v1 1.6.37+1802ada577
	- fabric-biome-api-v1 13.0.14+1802ada577
	- fabric-block-api-v1 1.0.12+1802ada577
	- fabric-block-view-api-v2 1.0.3+924f046a77
	- fabric-blockrenderlayer-v1 1.1.42+1802ada577
	- fabric-client-tags-api-v1 1.1.3+1802ada577
	- fabric-command-api-v1 1.2.35+f71b366f77
	- fabric-command-api-v2 2.2.14+1802ada577
	- fabric-commands-v0 0.2.52+df3654b377
	- fabric-containers-v0 0.1.67+df3654b377
	- fabric-content-registries-v0 4.0.13+1802ada577
	- fabric-convention-tags-v1 1.5.6+1802ada577
	- fabric-crash-report-info-v1 0.2.20+1802ada577
	- fabric-data-attachment-api-v1 1.0.2+de0fd6d177
	- fabric-data-generation-api-v1 12.3.7+1802ada577
	- fabric-dimensions-v1 2.1.55+1802ada577
	- fabric-entity-events-v1 1.6.1+1c78457f77
	- fabric-events-interaction-v0 0.6.5+13a40c6677
	- fabric-events-lifecycle-v0 0.2.64+df3654b377
	- fabric-game-rule-api-v1 1.0.41+1802ada577
	- fabric-gametest-api-v1 1.2.15+1802ada577
	- fabric-item-api-v1 2.1.29+1802ada577
	- fabric-item-group-api-v1 4.0.14+1802ada577
	- fabric-key-binding-api-v1 1.0.38+1802ada577
	- fabric-keybindings-v0 0.2.36+df3654b377
	- fabric-lifecycle-events-v1 2.2.23+1802ada577
	- fabric-loot-api-v2 1.2.3+1802ada577
	- fabric-loot-tables-v1 1.1.47+9e7660c677
	- fabric-message-api-v1 5.1.10+1802ada577
	- fabric-mining-level-api-v1 2.1.52+1802ada577
	- fabric-model-loading-api-v1 1.0.4+1802ada577
	- fabric-models-v0 0.4.3+9386d8a777
	- fabric-networking-api-v1 1.3.14+a158aa0477
	- fabric-networking-v0 0.3.54+df3654b377
	- fabric-object-builder-api-v1 11.1.5+e35120df77
	- fabric-particles-v1 1.1.3+1802ada577
	- fabric-recipe-api-v1 1.0.24+1802ada577
	- fabric-registry-sync-v0 2.3.6+1802ada577
	- fabric-renderer-api-v1 3.2.2+1802ada577
	- fabric-renderer-indigo 1.5.3+85287f9f77
	- fabric-renderer-registries-v1 3.2.47+df3654b377
	- fabric-rendering-data-attachment-v1 0.3.39+92a0d36777
	- fabric-rendering-fluids-v1 3.0.29+1802ada577
	- fabric-rendering-v0 1.1.50+df3654b377
	- fabric-rendering-v1 3.0.9+1802ada577
	- fabric-resource-conditions-api-v1 2.3.9+1802ada577
	- fabric-resource-loader-v0 0.11.12+fb82e9d777
	- fabric-screen-api-v1 2.0.9+1802ada577
	- fabric-screen-handler-api-v1 1.3.33+1802ada577
	- fabric-sound-api-v1 1.0.14+1802ada577
	- fabric-transfer-api-v1 3.3.6+8dd72ea377
	- fabric-transitive-access-wideners-v1 4.3.2+1802ada577
	- fabricloader 0.16.14
	- generated_90a2b5f 1.0.0
	- java 17
	- jei 15.2.0.23
	- minecraft 1.20.1
	- mixinextras 0.4.1
[21:58:43] [main/INFO] (FabricLoader/Mixin) SpongePowered MIXIN Subsystem Version=0.8.7 Source=file:/C:/Users/MUYU_Twilighter/.gradle/caches/modules-2/files-2.1/net.fabricmc/sponge-mixin/0.15.5+mixin.0.8.7/22f9eb729e216a091673a574a5906dc1b9027fb3/sponge-mixin-0.15.5+mixin.0.8.7.jar Service=Knot/Fabric Env=CLIENT
[21:58:43] [main/INFO] (FabricLoader/Mixin) Loaded Fabric development mappings for mixin remapper!
[21:58:43] [main/INFO] (FabricLoader/Mixin) Compatibility level set to JAVA_16
[21:58:43] [main/INFO] (FabricLoader/Mixin) Compatibility level set to JAVA_17
[21:58:44] [main/INFO] (FabricLoader/MixinExtras|Service) Initializing MixinExtras via com.llamalad7.mixinextras.service.MixinExtrasServiceImpl(version=0.4.1).
[21:58:48] [Datafixer Bootstrap/INFO] (Minecraft) 188 Datafixer optimizations took 102 milliseconds
[21:58:49] [Render thread/INFO] (Minecraft) Environment: authHost='https://authserver.mojang.com', accountsHost='https://api.mojang.com', sessionHost='https://sessionserver.mojang.com', servicesHost='https://api.minecraftservices.com', name='PROD'
[21:58:51] [Render thread/ERROR] (Minecraft) Failed to verify authentication
com.mojang.authlib.exceptions.InvalidCredentialsException: Status: 401
	at com.mojang.authlib.exceptions.MinecraftClientHttpException.toAuthenticationException(MinecraftClientHttpException.java:56) ~[authlib-4.0.43.jar:?]
	at com.mojang.authlib.yggdrasil.YggdrasilUserApiService.fetchProperties(YggdrasilUserApiService.java:156) ~[authlib-4.0.43.jar:?]
	at com.mojang.authlib.yggdrasil.YggdrasilUserApiService.<init>(YggdrasilUserApiService.java:55) ~[authlib-4.0.43.jar:?]
	at com.mojang.authlib.yggdrasil.YggdrasilAuthenticationService.createUserApiService(YggdrasilAuthenticationService.java:124) ~[authlib-4.0.43.jar:?]
	at net.minecraft.client.Minecraft.createUserApiService(Minecraft.java:733) ~[minecraft-merged-5eeb33d660-1.20.1-loom.mappings.1_20_1.layered+hash.40359-v2.jar:?]
	at net.minecraft.client.Minecraft.<init>(Minecraft.java:442) ~[minecraft-merged-5eeb33d660-1.20.1-loom.mappings.1_20_1.layered+hash.40359-v2.jar:?]
	at net.minecraft.client.main.Main.main(Main.java:211) ~[minecraft-merged-5eeb33d660-1.20.1-loom.mappings.1_20_1.layered+hash.40359-v2.jar:?]
	at net.fabricmc.loader.impl.game.minecraft.MinecraftGameProvider.launch(MinecraftGameProvider.java:480) ~[fabric-loader-0.16.14.jar:?]
	at net.fabricmc.loader.impl.launch.knot.Knot.launch(Knot.java:74) ~[fabric-loader-0.16.14.jar:?]
	at net.fabricmc.loader.impl.launch.knot.KnotClient.main(KnotClient.java:23) ~[fabric-loader-0.16.14.jar:?]
	at net.fabricmc.devlaunchinjector.Main.main(Main.java:86) ~[dev-launch-injector-0.2.1+build.8.jar:?]
	at dev.architectury.transformer.TransformerRuntime.main(TransformerRuntime.java:220) ~[architectury-transformer-5.2.87-runtime.jar:?]
Caused by: com.mojang.authlib.exceptions.MinecraftClientHttpException: Status: 401
	at com.mojang.authlib.minecraft.client.MinecraftClient.readInputStream(MinecraftClient.java:85) ~[authlib-4.0.43.jar:?]
	at com.mojang.authlib.minecraft.client.MinecraftClient.get(MinecraftClient.java:48) ~[authlib-4.0.43.jar:?]
	at com.mojang.authlib.yggdrasil.YggdrasilUserApiService.fetchProperties(YggdrasilUserApiService.java:129) ~[authlib-4.0.43.jar:?]
	... 10 more
[21:58:51] [Render thread/INFO] (Minecraft) Setting user: Player160
[21:58:51] [Render thread/INFO] (BotanyPotsFix) Ready to optimize Botany Pots!
[21:58:51] [Render thread/INFO] (BotanyPotsFix) This mod is designed to fix issue #421 of Botany Pots, made by MUYU_Twilighter
[21:58:51] [Render thread/INFO] (BotanyPotsFix) The fix might be a part of Botany Pots in the future. At that time, this mod is no longer needed.
[21:58:51] [Render thread/INFO] (Bookshelf) Fixing MC-151457. Crafting remainder for minecraft:pufferfish_bucket is now minecraft:bucket.
[21:58:51] [Render thread/INFO] (Bookshelf) Fixing MC-151457. Crafting remainder for minecraft:salmon_bucket is now minecraft:bucket.
[21:58:51] [Render thread/INFO] (Bookshelf) Fixing MC-151457. Crafting remainder for minecraft:cod_bucket is now minecraft:bucket.
[21:58:51] [Render thread/INFO] (Bookshelf) Fixing MC-151457. Crafting remainder for minecraft:tropical_fish_bucket is now minecraft:bucket.
[21:58:51] [Render thread/INFO] (Bookshelf) Fixing MC-151457. Crafting remainder for minecraft:axolotl_bucket is now minecraft:bucket.
[21:58:51] [Render thread/INFO] (Bookshelf) Fixing MC-151457. Crafting remainder for minecraft:powder_snow_bucket is now minecraft:bucket.
[21:58:51] [Render thread/INFO] (Bookshelf) Fixing MC-151457. Crafting remainder for minecraft:tadpole_bucket is now minecraft:bucket.
[21:58:51] [Render thread/INFO] (PluginCaller) Sending ConfigManager...
[21:58:51] [Render thread/INFO] (PluginCaller) Sending ConfigManager took 1.050 ms
[21:58:51] [Render thread/INFO] (NetworkManagerImpl) Registering S2C receiver with id architectury:spawn_entity_packet
[21:58:51] [Render thread/INFO] (Indigo) [Indigo] Registering Indigo renderer!
[21:58:52] [Render thread/INFO] (Minecraft) Backend library: LWJGL version 3.3.1 SNAPSHOT
[21:58:52] [Render thread/INFO] (Minecraft) Reloading ResourceManager: vanilla, fabric (fabric-networking-api-v1, fabric-key-binding-api-v1, fabric-rendering-fluids-v1, fabric-api-lookup-api-v1, fabric-command-api-v2, fabric-events-interaction-v0, fabric-item-group-api-v1, fabric-data-generation-api-v1, fabric-entity-events-v1, fabric-crash-report-info-v1, fabric-loot-tables-v1, fabric-mining-level-api-v1, botanypots, fabric-model-loading-api-v1, fabric-dimensions-v1, fabric-message-api-v1, fabric-screen-api-v1, fabric-content-registries-v0, fabricloader, fabric-recipe-api-v1, fabric-renderer-registries-v1, fabric-convention-tags-v1, fabric-gametest-api-v1, fabric-item-api-v1, fabric-rendering-v0, fabric-data-attachment-api-v1, fabric-rendering-v1, fabric-game-rule-api-v1, fabric-registry-sync-v0, fabric-client-tags-api-v1, fabric-commands-v0, fabric-transfer-api-v1, fabric-lifecycle-events-v1, fabric-containers-v0, fabric-resource-conditions-api-v1, fabric-blockrenderlayer-v1, fabric-models-v0, fabric-api, bookshelf, fabric-sound-api-v1, fabric-object-builder-api-v1, fabric-events-lifecycle-v0, fabric-screen-handler-api-v1, fabric-block-view-api-v2, jei, fabric-particles-v1, fabric-api-base, fabric-resource-loader-v0, fabric-command-api-v1, fabric-rendering-data-attachment-v1, fabric-renderer-api-v1, fabric-transitive-access-wideners-v1, fabric-keybindings-v0, fabric-loot-api-v2, fabric-biome-api-v1, fabric-renderer-indigo, fabric-block-api-v1, fabric-networking-v0)
[21:58:52] [Worker-Main-30/INFO] (Minecraft) Found unifont_all_no_pua-15.0.06.hex, loading
[21:58:53] [Render thread/WARN] (Minecraft) Missing sound for event: minecraft:item.goat_horn.play
[21:58:53] [Render thread/WARN] (Minecraft) Missing sound for event: minecraft:entity.goat.screaming.horn_break
[21:58:53] [Render thread/INFO] (Minecraft) OpenAL initialized on device OpenAL Soft on 扬声器 (2- MSI Audio Device)
[21:58:53] [Render thread/INFO] (Minecraft) Sound engine started
[21:58:53] [Render thread/INFO] (Minecraft) Created: 1024x512x4 minecraft:textures/atlas/blocks.png-atlas
[21:58:53] [Render thread/INFO] (Minecraft) Created: 256x256x4 minecraft:textures/atlas/signs.png-atlas
[21:58:53] [Render thread/INFO] (Minecraft) Created: 512x512x4 minecraft:textures/atlas/banner_patterns.png-atlas
[21:58:53] [Render thread/INFO] (Minecraft) Created: 512x512x4 minecraft:textures/atlas/shield_patterns.png-atlas
[21:58:53] [Render thread/INFO] (Minecraft) Created: 1024x1024x4 minecraft:textures/atlas/armor_trims.png-atlas
[21:58:53] [Render thread/INFO] (Minecraft) Created: 128x64x4 minecraft:textures/atlas/decorated_pot.png-atlas
[21:58:53] [Render thread/INFO] (Minecraft) Created: 256x256x4 minecraft:textures/atlas/chest.png-atlas
[21:58:53] [Render thread/INFO] (Minecraft) Created: 512x256x4 minecraft:textures/atlas/beds.png-atlas
[21:58:53] [Render thread/INFO] (Minecraft) Created: 512x256x4 minecraft:textures/atlas/shulker_boxes.png-atlas
[21:58:54] [Render thread/WARN] (Minecraft) Shader rendertype_entity_translucent_emissive could not find sampler named Sampler2 in the specified shader program.
[21:58:54] [Render thread/INFO] (Minecraft) Created: 256x256x0 minecraft:textures/atlas/particles.png-atlas
[21:58:54] [Render thread/INFO] (Minecraft) Created: 256x256x0 minecraft:textures/atlas/paintings.png-atlas
[21:58:54] [Render thread/INFO] (Minecraft) Created: 128x128x0 minecraft:textures/atlas/mob_effects.png-atlas
[21:58:54] [Render thread/INFO] (Minecraft) Created: 256x128x0 jei:textures/atlas/gui.png-atlas
[21:58:55] [Realms Notification Availability checker #1/INFO] (Minecraft) Could not authorize you against Realms server: java.lang.RuntimeException: Failed to parse into SignedJWT: FabricMC
[21:59:02] [Render thread/INFO] (Minecraft) Loaded 11 recipes
[21:59:02] [Render thread/INFO] (Minecraft) Loaded 1273 advancements
[21:59:02] [Render thread/INFO] (ClientLifecycleHandler) Stopping JEI
[21:59:02] [Render thread/INFO] (JeiStarter) Stopping JEI
[21:59:02] [Render thread/INFO] (PluginCaller) Sending Runtime Unavailable...
[21:59:02] [Render thread/INFO] (FabricGuiPlugin) Stopping JEI GUI
[21:59:02] [Render thread/INFO] (PluginCaller) Sending Runtime Unavailable took 295.7 μs
[21:59:02] [Render thread/INFO] (BiomeModificationImpl) Applied 0 biome modifications to 0 of 64 new biomes in 741.7 μs
[21:59:02] [Server thread/INFO] (Minecraft) Starting integrated minecraft server version 1.20.1
[21:59:02] [Server thread/INFO] (Minecraft) Generating keypair
[21:59:03] [Server thread/INFO] (Minecraft) Preparing start region for dimension minecraft:overworld
[21:59:03] [Render thread/INFO] (Minecraft) 准备生成区域中：0%
[21:59:04] [Render thread/INFO] (Minecraft) 准备生成区域中：83%
[21:59:05] [Render thread/INFO] (Minecraft) 准备生成区域中：83%
[21:59:05] [Render thread/INFO] (Minecraft) Time elapsed: 1366 ms
[21:59:05] [Server thread/INFO] (Minecraft) Changing view distance to 12, from 10
[21:59:05] [Server thread/INFO] (Minecraft) Changing simulation distance to 12, from 0
[21:59:12] [Server thread/WARN] (Minecraft) Can't keep up! Is the server overloaded? Running 5265ms or 105 ticks behind
[21:59:12] [Server thread/INFO] (Minecraft) Player160[local:E:f40a411b] logged in with entity id 1 at (-0.5, 77.0, 109.5)
[21:59:13] [Server thread/INFO] (Minecraft) Player160加入了游戏
[21:59:13] [Render thread/INFO] (LoggedTimer) Starting JEI...
[21:59:13] [Render thread/INFO] (PluginCaller) Registering item subtypes...
[21:59:13] [Render thread/INFO] (PluginCaller) Registering item subtypes took 4.395 ms
[21:59:13] [Render thread/INFO] (PluginCaller) Registering fluid subtypes...
[21:59:13] [Render thread/INFO] (PluginCaller) Registering fluid subtypes took 3.211 ms
[21:59:13] [Render thread/INFO] (PluginCaller) Registering ingredients...
[21:59:13] [Render thread/INFO] (PluginCallerTimerRunnable) Registering ingredients: jei:minecraft took 71.13 milliseconds
[21:59:13] [Render thread/INFO] (PluginCaller) Registering ingredients took 71.85 ms
[21:59:13] [Render thread/INFO] (PluginCaller) Registering categories...
[21:59:13] [Render thread/INFO] (PluginCallerTimerRunnable) Registering categories: jei:minecraft took 23.44 milliseconds
[21:59:13] [Render thread/INFO] (PluginCaller) Registering categories took 25.45 ms
[21:59:13] [Render thread/INFO] (PluginCaller) Registering vanilla category extensions...
[21:59:13] [Render thread/INFO] (PluginCaller) Registering vanilla category extensions took 3.223 ms
[21:59:13] [Render thread/INFO] (PluginCaller) Registering recipe catalysts...
[21:59:13] [Render thread/INFO] (PluginCaller) Registering recipe catalysts took 1.987 ms
[21:59:13] [Render thread/INFO] (PluginCaller) Registering advanced plugins...
[21:59:13] [Render thread/INFO] (PluginCaller) Registering advanced plugins took 351.1 μs
[21:59:13] [Render thread/INFO] (LoggedTimer) Building recipe registry...
[21:59:13] [Render thread/INFO] (LoggedTimer) Building recipe registry took 15.81 ms
[21:59:13] [Render thread/INFO] (PluginCaller) Registering recipes...
[21:59:13] [Render thread/INFO] (PluginCallerTimerRunnable) Registering recipes: jei:minecraft took 198.7 milliseconds
[21:59:13] [Render thread/INFO] (PluginCallerTimerRunnable) Registering recipes: botanypots:jei_support took 13.92 milliseconds
[21:59:13] [Render thread/INFO] (PluginCaller) Registering recipes took 213.5 ms
[21:59:13] [Render thread/INFO] (PluginCaller) Registering recipes transfer handlers...
[21:59:13] [Render thread/INFO] (PluginCaller) Registering recipes transfer handlers took 3.171 ms
[21:59:13] [Render thread/INFO] (LoggedTimer) Building runtime...
[21:59:13] [Render thread/INFO] (PluginCaller) Registering gui handlers...
[21:59:13] [Render thread/INFO] (PluginCaller) Registering gui handlers took 11.75 ms
[21:59:13] [Render thread/INFO] (PluginCaller) Registering Runtime...
[21:59:13] [Render thread/INFO] (JeiGuiStarter) Starting JEI GUI
[21:59:13] [Render thread/INFO] (LoggedTimer) Building ingredient list...
[21:59:13] [Render thread/INFO] (LoggedTimer) Building ingredient list took 4.561 ms
[21:59:13] [Render thread/INFO] (LoggedTimer) Building ingredient filter...
[21:59:13] [Render thread/INFO] (IngredientFilter) Adding 1538 ingredients
[21:59:13] [Render thread/INFO] (IngredientFilter) Added 1538 ingredients
[21:59:13] [Render thread/INFO] (LoggedTimer) Building ingredient filter took 145.0 ms
[21:59:14] [Render thread/INFO] (PluginCallerTimerRunnable) Registering Runtime: jei:fabric_gui took 266.5 milliseconds
[21:59:14] [Render thread/INFO] (PluginCaller) Registering Runtime took 267.0 ms
[21:59:14] [Render thread/INFO] (LoggedTimer) Building runtime took 300.3 ms
[21:59:14] [Render thread/INFO] (PluginCaller) Sending Runtime...
[21:59:14] [Render thread/INFO] (PluginCaller) Sending Runtime took 325.9 μs
[21:59:14] [Render thread/INFO] (LoggedTimer) Starting JEI took 709.0 ms
[21:59:14] [Render thread/INFO] (Minecraft) Loaded 2 advancements
[21:59:16] [Server thread/INFO] (Minecraft) Saving and pausing game...
[21:59:16] [Server thread/INFO] (Minecraft) Saving chunks for level 'ServerLevel[1.20.1-natural]'/minecraft:overworld
[21:59:16] [Server thread/INFO] (Minecraft) Saving chunks for level 'ServerLevel[1.20.1-natural]'/minecraft:the_end
[21:59:16] [Server thread/INFO] (Minecraft) Saving chunks for level 'ServerLevel[1.20.1-natural]'/minecraft:the_nether
[21:59:27] [Render thread/INFO] (Minecraft) Loaded 4 advancements
[21:59:31] [Server thread/WARN] (Minecraft) Can't keep up! Is the server overloaded? Running 2951ms or 59 ticks behind
[21:59:50] [Render thread/INFO] (Minecraft) Loaded 13 advancements
[21:59:50] [Render thread/INFO] (Minecraft) Loaded 31 advancements
[22:00:00] [Render thread/INFO] (Minecraft) Loaded 32 advancements
[22:00:06] [Server thread/WARN] (Minecraft) Can't keep up! Is the server overloaded? Running 2621ms or 52 ticks behind
[22:00:26] [Server thread/INFO] (Minecraft) Saving and pausing game...
[22:00:26] [Server thread/INFO] (Minecraft) Saving chunks for level 'ServerLevel[1.20.1-natural]'/minecraft:overworld
[22:00:26] [Server thread/INFO] (Minecraft) Saving chunks for level 'ServerLevel[1.20.1-natural]'/minecraft:the_end
[22:00:26] [Server thread/INFO] (Minecraft) Saving chunks for level 'ServerLevel[1.20.1-natural]'/minecraft:the_nether
[22:00:26] [Render thread/INFO] (Minecraft) Stopping!
[22:00:26] [Render thread/INFO] (ClientLifecycleHandler) Stopping JEI
[22:00:26] [Render thread/INFO] (JeiStarter) Stopping JEI
[22:00:26] [Render thread/INFO] (PluginCaller) Sending Runtime Unavailable...
[22:00:26] [Render thread/INFO] (FabricGuiPlugin) Stopping JEI GUI
[22:00:26] [Render thread/INFO] (PluginCaller) Sending Runtime Unavailable took 197.2 μs
[22:00:26] [Server thread/INFO] (Minecraft) Player160 lost connection: 连接中断
[22:00:26] [Server thread/INFO] (Minecraft) Player160退出了游戏
[22:00:26] [Server thread/INFO] (Minecraft) Stopping singleplayer server as player logged out
[22:00:27] [Server thread/INFO] (Minecraft) Stopping server
[22:00:27] [Server thread/INFO] (Minecraft) Saving players
[22:00:27] [Server thread/INFO] (Minecraft) Saving worlds
[22:00:27] [Server thread/INFO] (Minecraft) Saving chunks for level 'ServerLevel[1.20.1-natural]'/minecraft:overworld
[22:00:28] [Server thread/INFO] (Minecraft) Saving chunks for level 'ServerLevel[1.20.1-natural]'/minecraft:the_end
[22:00:28] [Server thread/INFO] (Minecraft) Saving chunks for level 'ServerLevel[1.20.1-natural]'/minecraft:the_nether
[22:00:28] [Server thread/INFO] (Minecraft) ThreadedAnvilChunkStorage (1_20_1-natural): All chunks are saved
[22:00:28] [Server thread/INFO] (Minecraft) ThreadedAnvilChunkStorage (DIM1): All chunks are saved
[22:00:28] [Server thread/INFO] (Minecraft) ThreadedAnvilChunkStorage (DIM-1): All chunks are saved
[22:00:28] [Server thread/INFO] (Minecraft) ThreadedAnvilChunkStorage: All dimensions are saved
